[drmadhurahomoeoclinic.com/index.html]
[backblue.gif]
[fade.gif]
[index.html]
[drmadhurahomoeoclinic.com/plugin/bootstrap/css/bootstrap-grid.min.css]
[drmadhurahomoeoclinic.com/plugin/bootstrap/css/bootstrap-reboot.min.css]
[drmadhurahomoeoclinic.com/plugin/bootstrap/css/bootstrap.min.css]
[drmadhurahomoeoclinic.com/css/custom/Default.css]
[drmadhurahomoeoclinic.com/css/custom/Theme3.css]
[use.fontawesome.com/releases/v5.6.3/css/all.css]
[ajax.googleapis.com/ajax/libs/jquery/3.5.1/jquery.min.js]
[mindtechlive.blob.core.windows.net/assets/images/AffiliateDoctor/-0-09351451.jpg]
[drmadhurahomoeoclinic.com/assets/images/Call-Icon.png]
[drmadhurahomoeoclinic.com/Registration.html]
[drmadhurahomoeoclinic.com/Login.html]
[drmadhurahomoeoclinic.com/About.html]
[drmadhurahomoeoclinic.com/Testimonials.html]
[drmadhurahomoeoclinic.com/Covid19-Infromation.html]
[drmadhurahomoeoclinic.com/homeopathy.html]
[drmadhurahomoeoclinic.com/HealthPlans.html]
[drmadhurahomoeoclinic.com/Gallery.html]
[drmadhurahomoeoclinic.com/faqs.html]
[drmadhurahomoeoclinic.com/Contact.html]
[drmadhurahomoeoclinic.com/assets/images/quick-contact-mail.png]
[drmadhurahomoeoclinic.com/assets/images/popup-close.png]
[drmadhurahomoeoclinic.com/assets/send.png]
[mindtechlive.blob.core.windows.net/assets/documents/Affiliate/Photograph/-0-88067950.jpeg]
[drmadhurahomoeoclinic.com/assets/images/Address.png]
[drmadhurahomoeoclinic.com/assets/images/Calling.png]
[drmadhurahomoeoclinic.com/assets/images/Mail.png]
[drmadhurahomoeoclinic.com/assets/images/Website.png]
[drmadhurahomoeoclinic.com/Assets/images/Welcome-cure-logo-45px.png]
[drmadhurahomoeoclinic.com/Terms-of-Use.html]
[drmadhurahomoeoclinic.com/Privacy-Policy.html]
[cdnjs.cloudflare.com/ajax/libs/popper.js/1.16.0/umd/popper.min.js]
[drmadhurahomoeoclinic.com/plugin/bootstrap/js/bootstrap.min.js]
[drmadhurahomoeoclinic.com/Scripts/jquery.validate.min.js]
[drmadhurahomoeoclinic.com/index.html]
[drmadhurahomoeoclinic.com/Scripts/jquery.validate.unobtrusive.min.js]
[drmadhurahomoeoclinic.com/plugin/bootstrap/css/bootstrap.min.css]
[drmadhurahomoeoclinic.com/plugin/bootstrap/css/bootstrap-grid.min.css]
[drmadhurahomoeoclinic.com/plugin/bootstrap/css/bootstrap-reboot.min.css]
[drmadhurahomoeoclinic.com/css/custom/Default.css]
[drmadhurahomoeoclinic.com/js/custom.js]
[drmadhurahomoeoclinic.com/plugin/bootstrap/js/bootstrap.bundle.min.js]
[drmadhurahomoeoclinic.com/Assets/images/Theme3/Logo.png]
[drmadhurahomoeoclinic.com/Assets/images/Theme3/Banner.png]
[drmadhurahomoeoclinic.com/Assets/images/Theme3/Sign-up.png]
[drmadhurahomoeoclinic.com/Assets/images/Theme3/Consultation.png]
[drmadhurahomoeoclinic.com/Assets/images/Theme3/Get-Medicines.png]
[drmadhurahomoeoclinic.com/Assets/images/Theme3/Regular-Followup.png]
[drmadhurahomoeoclinic.com/Assets/images/Theme3/Education-Icon.png]
[drmadhurahomoeoclinic.com/Assets/images/Theme3/Specialties-Icon.png]
[drmadhurahomoeoclinic.com/Assets/images/Theme3/Education-Icon-30.png]
[drmadhurahomoeoclinic.com/Assets/images/Theme3/Specialties-Icon-30.png]
[drmadhurahomoeoclinic.com/css/custom/Theme3.css]
[use.fontawesome.com/releases/v5.6.3/css/all.css]
[www.google.com/recaptcha/api.js]
[ajax.googleapis.com/ajax/libs/jquery/2.2.4/jquery.min.js]
[drmadhurahomoeoclinic.com/Assets/images/ajax-loader.gif]
[drmadhurahomoeoclinic.com/Registration.html]
[drmadhurahomoeoclinic.com/Login.html]
[drmadhurahomoeoclinic.com/About.html]
[drmadhurahomoeoclinic.com/Testimonials.html]
[drmadhurahomoeoclinic.com/homeopathy.html]
[drmadhurahomoeoclinic.com/Covid-information/Overview.html]
[cdnjs.cloudflare.com/ajax/libs/modernizr/2.8.3/modernizr.js]
[drmadhurahomoeoclinic.com/Covid-information/Dos-And-Donts.html]
[drmadhurahomoeoclinic.com/Covid-information/Prevention.html]
[drmadhurahomoeoclinic.com/Covid-information/Ears-Nose-Throat.html]
[drmadhurahomoeoclinic.com/Covid-information/Eyes.html]
[drmadhurahomoeoclinic.com/Covid-information/Kidneys.html]
[drmadhurahomoeoclinic.com/Covid-information/Pregnancy-Neonates.html]
[drmadhurahomoeoclinic.com/Covid-information/Digestive-System.html]
[drmadhurahomoeoclinic.com/Covid-information/Skin.html]
[drmadhurahomoeoclinic.com/Covid-information/Neurological-System.html]
[drmadhurahomoeoclinic.com/Covid-information/Respiratory-Symptoms.html]
[drmadhurahomoeoclinic.com/Covid19-Infromation.html]
[drmadhurahomoeoclinic.com/HealthPlans.html]
[mindtechlive.blob.core.windows.net/assets/images/AffiliateGallery/-1594160-43203935.jpeg]
[mindtechlive.blob.core.windows.net/assets/images/AffiliateGallery/-1594160-99669786.jpeg]
[mindtechlive.blob.core.windows.net/assets/images/AffiliateGallery/-1594160-49339886.jpeg]
[mindtechlive.blob.core.windows.net/assets/images/AffiliateGallery/-1594160-94643812.jpeg]
[mindtechlive.blob.core.windows.net/assets/images/AffiliateGallery/-1594160-89826266.jpeg]
[mindtechlive.blob.core.windows.net/assets/images/AffiliateGallery/-1594160-60606256.jpg]
[mindtechlive.blob.core.windows.net/assets/images/AffiliateGallery/-1594160-21370750.jpg]
[mindtechlive.blob.core.windows.net/assets/images/AffiliateGallery/-1594160-71310856.jpg]
[mindtechlive.blob.core.windows.net/assets/images/AffiliateGallery/-1594160-10993700.jpeg]
[mindtechlive.blob.core.windows.net/assets/images/AffiliateGallery/-1594160-97047648.jpg]
[drmadhurahomoeoclinic.com/js/gallery.js]
[drmadhurahomoeoclinic.com/css/Gallerycss.css]
[drmadhurahomoeoclinic.com/Gallery.html]
[drmadhurahomoeoclinic.com/faqs.html]
[drmadhurahomoeoclinic.com/Contact.html]
[drmadhurahomoeoclinic.com/Terms-of-Use.html]
[drmadhurahomoeoclinic.com/Privacy-Policy.html]
[drmadhurahomoeoclinic.com/Scripts/jquery.unobtrusive-ajax.min.html]
[drmadhurahomoeoclinic.com/bundles/js/jqueryval.html]
[drmadhurahomoeoclinic.com/Assets/images/CORONA-VIRUS-Overvies.jpg]
[drmadhurahomoeoclinic.com/Assets/images/Pathophysiology-of-the-Virus.jpg]
[drmadhurahomoeoclinic.com/Assets/images/Life-cycle-of-Corona-virus.jpg]
[drmadhurahomoeoclinic.com/Covid-information/Overview.html]
[drmadhurahomoeoclinic.com/Assets/images/01-Do’s-and-Don’ts-in-COVID-19.jpg]
[drmadhurahomoeoclinic.com/Assets/images/03-Stay-indoors.jpg]
[drmadhurahomoeoclinic.com/Assets/images/04-Avoid-Close-Contact-With-Anyone.jpg]
[drmadhurahomoeoclinic.com/Covid-information/Dos-And-Donts.html]
[drmadhurahomoeoclinic.com/Assets/images/Prevention.jpg]
[drmadhurahomoeoclinic.com/Covid-information/Prevention.html]
[drmadhurahomoeoclinic.com/Assets/images/Ear Nose Throat-1.jpg]
[drmadhurahomoeoclinic.com/Covid-information/Ears-Nose-Throat.html]
[drmadhurahomoeoclinic.com/Assets/images/Eyes-1.jpg]
[drmadhurahomoeoclinic.com/Covid-information/Eyes.html]
[drmadhurahomoeoclinic.com/Assets/images/Kidney-1.jpg]
[drmadhurahomoeoclinic.com/Covid-information/Kidneys.html]
[drmadhurahomoeoclinic.com/Assets/images/Pregnancy-and-Neonates-1.jpg]
[drmadhurahomoeoclinic.com/Assets/images/Pregnancy-and-Neonates-2.jpg]
[drmadhurahomoeoclinic.com/Assets/images/Pregnancy-and-Neonates-3.jpg]
[drmadhurahomoeoclinic.com/Covid-information/Pregnancy-Neonates.html]
[drmadhurahomoeoclinic.com/Assets/images/Digestive-system-1.jpg]
[drmadhurahomoeoclinic.com/Covid-information/Digestive-System.html]
[drmadhurahomoeoclinic.com/Assets/images/Skin1.jpg]
[drmadhurahomoeoclinic.com/Assets/images/Skin2.jpg]
[drmadhurahomoeoclinic.com/Assets/images/Skin3.jpg]
[drmadhurahomoeoclinic.com/Assets/images/Skin4.jpg]
[drmadhurahomoeoclinic.com/Assets/images/Skin5.jpg]
[drmadhurahomoeoclinic.com/Assets/images/Skin6.jpg]
[drmadhurahomoeoclinic.com/Assets/images/Skin7.jpg]
[drmadhurahomoeoclinic.com/Covid-information/Skin.html]
[drmadhurahomoeoclinic.com/Assets/images/Neurological system-1.jpg]
[drmadhurahomoeoclinic.com/Covid-information/Neurological-System.html]
[drmadhurahomoeoclinic.com/Assets/images/Respiratory system-1.jpg]
[drmadhurahomoeoclinic.com/Assets/images/Respiratory system-2.jpg]
[drmadhurahomoeoclinic.com/Assets/images/Respiratory system-3.png]
[drmadhurahomoeoclinic.com/Assets/images/Respiratory system-5.jpg]
[drmadhurahomoeoclinic.com/Assets/images/Respiratory system-6.jpg]
[drmadhurahomoeoclinic.com/Covid-information/Respiratory-Symptoms.html]
[drmadhurahomoeoclinic.com/Assets/vendor/isotope-layout/isotope.pkgd.min.html]
[drmadhurahomoeoclinic.com/Assets/vendor/icofont/icofont.min.html]
[drmadhurahomoeoclinic.com/Assets/vendor/boxicons/css/boxicons.min.html]
[drmadhurahomoeoclinic.com/Assets/vendor/remixicon/remixicon.html]
[drmadhurahomoeoclinic.com/Assets/vendor/owl.carousel/owl.carousel.min.html]
[drmadhurahomoeoclinic.com/css/Gallerycss.css]
[drmadhurahomoeoclinic.com/drmadhurahomoeoclinic.html]
[drmadhurahomoeoclinic.com/Covid-information/css/custom/Theme3.html]
[drmadhurahomoeoclinic.com/Covid-information/Registration.html]
[drmadhurahomoeoclinic.com/Assets/images/Respiratory system-4.html]
[drmadhurahomoeoclinic.com/Media/getAffiliateCityName.html]
